Error: multiple apps found in current directory, specify the app on the command line
multiple apps found in current directory, specify the app on the command line
