ambiguous credential resolution: "secret1" is already present in base credential sets, cannot merge
