SECRET_ONE: foo
/var/secret_two/data.txt
bar
SECRET_THREE: baz
/var/secret_three/data.txt
baz
Application "full" installed on context "default"
