SECRET_ONE: secret1value
/var/secret_two/data.txt
secret2value
SECRET_THREE: xyzzy
/var/secret_three/data.txt
xyzzy
Application "mixed-credstore" installed on context "default"
