hello-world 0.1.0

Maintained by: user <user@email.com>

Hello, World!

Service (1) Replicas Ports Image
----------- -------- ----- -----
hello       1        8080  hashicorp/http-echo

Settings (2) Value
------------ -----
port         8080
text         Hello, World!
