Created "app-test.dockerapp"
You will need to edit parameters.yml to fill in default values.
