Error: invalid stack version "foobar" (accepted values: v1beta1, v1beta2)
