{
	"name": "simple",
	"version": "1.1.0-beta1",
	"description": "new fancy webapp with microservices",
	"maintainers": [
		{
			"name": "John Developer",
			"email": "john.dev@acmecorp.cool",
			"url": ""
		},
		{
			"name": "Jane Developer",
			"email": "jane.dev@acmecorp.cool",
			"url": ""
		}
	],
	"invocationImages": [
		{
			"imageType": "docker",
			"image": "simple:1.1.0-beta1-invoc",
			"platform": {}
		}
	],
	"images": {
		"api": {
			"imageType": "docker",
			"image": "python:3.6",
			"platform": {},
			"description": "python:3.6",
			"refs": null
		},
		"db": {
			"imageType": "docker",
			"image": "postgres:9.3",
			"platform": {},
			"description": "postgres:9.3",
			"refs": null
		},
		"web": {
			"imageType": "docker",
			"image": "nginx:latest",
			"platform": {},
			"description": "nginx:latest",
			"refs": null
		}
	},
	"actions": {
		"com.docker.app.inspect": {
			"modifies": false,
			"stateless": true
		},
		"com.docker.app.status": {
			"modifies": false
		}
	},
	"parameters": {
		"api_host": {
			"type": "string",
			"defaultValue": "coolapp.com",
			"required": false,
			"metadata": {},
			"destination": {
				"path": "",
				"env": "docker_param1"
			}
		},
		"com.docker.app.kubernetes-namespace": {
			"type": "string",
			"defaultValue": "",
			"required": false,
			"metadata": {
				"description": "Namespace in which to deploy"
			},
			"destination": {
				"path": "",
				"env": "DOCKER_KUBERNETES_NAMESPACE"
			},
			"apply-to": [
				"install",
				"upgrade",
				"uninstall",
				"com.docker.app.status"
			]
		},
		"com.docker.app.orchestrator": {
			"type": "string",
			"defaultValue": "",
			"allowedValues": [
				"",
				"swarm",
				"kubernetes"
			],
			"required": false,
			"metadata": {
				"description": "Orchestrator on which to deploy"
			},
			"destination": {
				"path": "",
				"env": "DOCKER_STACK_ORCHESTRATOR"
			},
			"apply-to": [
				"install",
				"upgrade",
				"uninstall",
				"com.docker.app.status"
			]
		},
		"static_subdir": {
			"type": "string",
			"defaultValue": "data/static",
			"required": false,
			"metadata": {},
			"destination": {
				"path": "",
				"env": "docker_param2"
			}
		},
		"web_port": {
			"type": "string",
			"defaultValue": "8082",
			"required": false,
			"metadata": {},
			"destination": {
				"path": "",
				"env": "docker_param3"
			}
		}
	},
	"credentials": {
		"docker.context": {
			"path": "/cnab/app/context.dockercontext",
			"env": ""
		}
	}
}