{
    "Metadata": {
        "version": "0.1.0",
        "name": "myapp",
        "maintainers": [
            {
                "name": "dev",
                "email": "dev@example.com"
            }
        ]
    },
    "Services": [],
    "Networks": [],
    "Volumes": [],
    "Secrets": [],
    "Parameters": {},
    "Attachments": []
}
