{
    "Metadata": {
        "Version": "0.1.0",
        "Name": "myapp"
    },
    "Services": [
        {
            "Name": "web",
            "Image": "nginx",
            "Replicas": 1,
            "Ports": "80"
        }
    ],
    "Parameters": {
        "web.port": "80"
    }
}
