version: 0.1.0
name: myapp
description: ""
maintainers: []


SERVICE REPLICAS PORTS IMAGE
web     1        80    nginx

PARAMETER VALUE
web.port  80
