version: 0.1.0
name: myapp
description: ""
maintainers:
- name: dev
  email: dev@example.com

