{
    "Metadata": {
        "Version": "0.1.0",
        "Name": "myapp"
    }
}
